// Jest Snapshot v1, https://goo.gl/fbAQLP

exports[`init should generate correct dependencies in package.json 1`] = `
{
  "dependencies": {
    "@payloadcms/bundler-webpack": StringMatching /\\^\\[\\^\\|~\\]\\?\\\\d\\+\\\\\\.\\\\d\\+\\\\\\.\\\\d\\+\\$/,
    "@payloadcms/db-mongodb": StringMatching /\\^\\[\\^\\|~\\]\\?\\\\d\\+\\\\\\.\\\\d\\+\\\\\\.\\\\d\\+\\$/,
    "@payloadcms/db-postgres": StringMatching /\\^\\[\\^\\|~\\]\\?\\\\d\\+\\\\\\.\\\\d\\+\\\\\\.\\\\d\\+\\$/,
    "@payloadcms/richtext-slate": StringMatching /\\^\\[\\^\\|~\\]\\?\\\\d\\+\\\\\\.\\\\d\\+\\\\\\.\\\\d\\+\\$/,
    "express": StringMatching /\\^\\[\\^\\|~\\]\\?\\\\d\\+\\\\\\.\\\\d\\+\\\\\\.\\\\d\\+\\$/,
    "payload": StringMatching /\\^\\[\\^\\|~\\]\\?\\\\d\\+\\\\\\.\\\\d\\+\\\\\\.\\\\d\\+\\$/,
  },
  "devDependencies": {
    "@nx/express": StringMatching /\\^\\\\d\\+\\\\\\.\\\\d\\+\\\\\\.\\\\d\\+\\$/,
  },
  "name": "@proj/source",
}
`;

